
> flower-shop-app@0.1.0 build
> next build

Γû▓ Next.js 16.1.1 (Turbopack)
- Environments: .env

  Creating an optimized production build ...
Γ£ô Compiled successfully in 6.8s
  Running TypeScript ...
node.exe : Failed to compile.
At C:\Program Files\nodejs\npm.ps1:29 char:3
+   & $NODE_EXE $NPM_CLI_JS $args
+   ~~~~~~~~~~~~~~~~~~~~~~~~~~~~~
    + CategoryInfo          : NotSpecified: (Faile 
   d to compile.:String) [], RemoteException
    + FullyQualifiedErrorId : NativeCommandError
 

./src/components/public/products/ProductCard.tsx:28
5:38
Type error: Cannot find name 'handleAddToCart'.

[0m [90m 283 |[39m                         
[33m<[39m[33m/[39m[33mdiv[39m[33m>[39m
 [90m 284 |[39m                         
[33m<[39m[33mbutton[39m
[31m[1m>[22m[39m[90m 285 |[39m               
              onClick[33m=[39m{handleAddToCart}
 [90m     |[39m                                  
    [31m[1m^[22m[39m
 [90m 286 |[39m                             
className[33m=[39m[32m"px-4 py-2 bg-pink-600 
text-white rounded-full font-medium 
hover:bg-pink-700 transition-colors flex 
items-center gap-2"[39m
 [90m 287 |[39m                         
[33m>[39m
 [90m 288 |[39m                             
[33m<[39m[33mShoppingCart[39m 
size[33m=[39m{[35m18[39m} 
[33m/[39m[33m>[39m[0m
Next.js build worker exited with code: 1 and 
signal: null
